Archive member included to satisfy reference by file (symbol)

c:/st/stm32cubeide_1.12.1/stm32cubeide/plugins/com.st.stm32cube.ide.mcu.externaltools.gnu-tools-for-stm32.10.3-2021.10.win32_1.0.200.202301161003/tools/bin/../lib/gcc/arm-none-eabi/10.3.1/../../../../arm-none-eabi/lib/thumb/v7-m/nofp\libc_nano.a(lib_a-errno.o)
                              ./Src/syscalls.o (__errno)
c:/st/stm32cubeide_1.12.1/stm32cubeide/plugins/com.st.stm32cube.ide.mcu.externaltools.gnu-tools-for-stm32.10.3-2021.10.win32_1.0.200.202301161003/tools/bin/../lib/gcc/arm-none-eabi/10.3.1/../../../../arm-none-eabi/lib/thumb/v7-m/nofp\libc_nano.a(lib_a-exit.o)
                              c:/st/stm32cubeide_1.12.1/stm32cubeide/plugins/com.st.stm32cube.ide.mcu.externaltools.gnu-tools-for-stm32.10.3-2021.10.win32_1.0.200.202301161003/tools/bin/../lib/gcc/arm-none-eabi/10.3.1/../../../../arm-none-eabi/lib/thumb/v7-m/nofp/crt0.o (exit)
c:/st/stm32cubeide_1.12.1/stm32cubeide/plugins/com.st.stm32cube.ide.mcu.externaltools.gnu-tools-for-stm32.10.3-2021.10.win32_1.0.200.202301161003/tools/bin/../lib/gcc/arm-none-eabi/10.3.1/../../../../arm-none-eabi/lib/thumb/v7-m/nofp\libc_nano.a(lib_a-impure.o)
                              c:/st/stm32cubeide_1.12.1/stm32cubeide/plugins/com.st.stm32cube.ide.mcu.externaltools.gnu-tools-for-stm32.10.3-2021.10.win32_1.0.200.202301161003/tools/bin/../lib/gcc/arm-none-eabi/10.3.1/../../../../arm-none-eabi/lib/thumb/v7-m/nofp\libc_nano.a(lib_a-exit.o) (_global_impure_ptr)
c:/st/stm32cubeide_1.12.1/stm32cubeide/plugins/com.st.stm32cube.ide.mcu.externaltools.gnu-tools-for-stm32.10.3-2021.10.win32_1.0.200.202301161003/tools/bin/../lib/gcc/arm-none-eabi/10.3.1/../../../../arm-none-eabi/lib/thumb/v7-m/nofp\libc_nano.a(lib_a-init.o)
                              c:/st/stm32cubeide_1.12.1/stm32cubeide/plugins/com.st.stm32cube.ide.mcu.externaltools.gnu-tools-for-stm32.10.3-2021.10.win32_1.0.200.202301161003/tools/bin/../lib/gcc/arm-none-eabi/10.3.1/../../../../arm-none-eabi/lib/thumb/v7-m/nofp/crt0.o (__libc_init_array)
c:/st/stm32cubeide_1.12.1/stm32cubeide/plugins/com.st.stm32cube.ide.mcu.externaltools.gnu-tools-for-stm32.10.3-2021.10.win32_1.0.200.202301161003/tools/bin/../lib/gcc/arm-none-eabi/10.3.1/../../../../arm-none-eabi/lib/thumb/v7-m/nofp\libc_nano.a(lib_a-memset.o)
                              c:/st/stm32cubeide_1.12.1/stm32cubeide/plugins/com.st.stm32cube.ide.mcu.externaltools.gnu-tools-for-stm32.10.3-2021.10.win32_1.0.200.202301161003/tools/bin/../lib/gcc/arm-none-eabi/10.3.1/../../../../arm-none-eabi/lib/thumb/v7-m/nofp/crt0.o (memset)

Discarded input sections

 .text          0x0000000000000000        0x0 c:/st/stm32cubeide_1.12.1/stm32cubeide/plugins/com.st.stm32cube.ide.mcu.externaltools.gnu-tools-for-stm32.10.3-2021.10.win32_1.0.200.202301161003/tools/bin/../lib/gcc/arm-none-eabi/10.3.1/thumb/v7-m/nofp/crti.o
 .data          0x0000000000000000        0x0 c:/st/stm32cubeide_1.12.1/stm32cubeide/plugins/com.st.stm32cube.ide.mcu.externaltools.gnu-tools-for-stm32.10.3-2021.10.win32_1.0.200.202301161003/tools/bin/../lib/gcc/arm-none-eabi/10.3.1/thumb/v7-m/nofp/crti.o
 .bss           0x0000000000000000        0x0 c:/st/stm32cubeide_1.12.1/stm32cubeide/plugins/com.st.stm32cube.ide.mcu.externaltools.gnu-tools-for-stm32.10.3-2021.10.win32_1.0.200.202301161003/tools/bin/../lib/gcc/arm-none-eabi/10.3.1/thumb/v7-m/nofp/crti.o
 .data          0x0000000000000000        0x4 c:/st/stm32cubeide_1.12.1/stm32cubeide/plugins/com.st.stm32cube.ide.mcu.externaltools.gnu-tools-for-stm32.10.3-2021.10.win32_1.0.200.202301161003/tools/bin/../lib/gcc/arm-none-eabi/10.3.1/thumb/v7-m/nofp/crtbegin.o
 .rodata        0x0000000000000000       0x24 c:/st/stm32cubeide_1.12.1/stm32cubeide/plugins/com.st.stm32cube.ide.mcu.externaltools.gnu-tools-for-stm32.10.3-2021.10.win32_1.0.200.202301161003/tools/bin/../lib/gcc/arm-none-eabi/10.3.1/thumb/v7-m/nofp/crtbegin.o
 .text          0x0000000000000000       0x7c c:/st/stm32cubeide_1.12.1/stm32cubeide/plugins/com.st.stm32cube.ide.mcu.externaltools.gnu-tools-for-stm32.10.3-2021.10.win32_1.0.200.202301161003/tools/bin/../lib/gcc/arm-none-eabi/10.3.1/../../../../arm-none-eabi/lib/thumb/v7-m/nofp/crt0.o
 .data          0x0000000000000000        0x0 c:/st/stm32cubeide_1.12.1/stm32cubeide/plugins/com.st.stm32cube.ide.mcu.externaltools.gnu-tools-for-stm32.10.3-2021.10.win32_1.0.200.202301161003/tools/bin/../lib/gcc/arm-none-eabi/10.3.1/../../../../arm-none-eabi/lib/thumb/v7-m/nofp/crt0.o
 .bss           0x0000000000000000        0x0 c:/st/stm32cubeide_1.12.1/stm32cubeide/plugins/com.st.stm32cube.ide.mcu.externaltools.gnu-tools-for-stm32.10.3-2021.10.win32_1.0.200.202301161003/tools/bin/../lib/gcc/arm-none-eabi/10.3.1/../../../../arm-none-eabi/lib/thumb/v7-m/nofp/crt0.o
[...]
Memory Configuration

Name             Origin             Length             Attributes
RAM              0x0000000020000000 0x0000000000005000 xrw
FLASH            0x0000000008000000 0x0000000000010000 xr
*default*        0x0000000000000000 0xffffffffffffffff

Linker script and memory map

LOAD c:/st/stm32cubeide_1.12.1/stm32cubeide/plugins/com.st.stm32cube.ide.mcu.externaltools.gnu-tools-for-stm32.10.3-2021.10.win32_1.0.200.202301161003/tools/bin/../lib/gcc/arm-none-eabi/10.3.1/thumb/v7-m/nofp/crti.o
LOAD c:/st/stm32cubeide_1.12.1/stm32cubeide/plugins/com.st.stm32cube.ide.mcu.externaltools.gnu-tools-for-stm32.10.3-2021.10.win32_1.0.200.202301161003/tools/bin/../lib/gcc/arm-none-eabi/10.3.1/thumb/v7-m/nofp/crtbegin.o
LOAD c:/st/stm32cubeide_1.12.1/stm32cubeide/plugins/com.st.stm32cube.ide.mcu.externaltools.gnu-tools-for-stm32.10.3-2021.10.win32_1.0.200.202301161003/tools/bin/../lib/gcc/arm-none-eabi/10.3.1/../../../../arm-none-eabi/lib/thumb/v7-m/nofp/crt0.o
LOAD ./Drivers/STM32F1xx_HAL_Driver/Src/stm32f1xx_hal.o
LOAD ./Drivers/STM32F1xx_HAL_Driver/Src/stm32f1xx_hal_cortex.o
LOAD ./Drivers/STM32F1xx_HAL_Driver/Src/stm32f1xx_hal_dma.o
LOAD ./Drivers/STM32F1xx_HAL_Driver/Src/stm32f1xx_hal_exti.o
LOAD ./Drivers/STM32F1xx_HAL_Driver/Src/stm32f1xx_hal_flash.o
LOAD ./Drivers/STM32F1xx_HAL_Driver/Src/stm32f1xx_hal_flash_ex.o
LOAD ./Drivers/STM32F1xx_HAL_Driver/Src/stm32f1xx_hal_gpio.o
LOAD ./Drivers/STM32F1xx_HAL_Driver/Src/stm32f1xx_hal_gpio_ex.o
LOAD ./Drivers/STM32F1xx_HAL_Driver/Src/stm32f1xx_hal_pwr.o
LOAD ./Drivers/STM32F1xx_HAL_Driver/Src/stm32f1xx_hal_rcc.o
LOAD ./Drivers/STM32F1xx_HAL_Driver/Src/stm32f1xx_hal_rcc_ex.o
LOAD ./Drivers/STM32F1xx_HAL_Driver/Src/stm32f1xx_hal_tim.o
LOAD ./Drivers/STM32F1xx_HAL_Driver/Src/stm32f1xx_hal_tim_ex.o
LOAD ./Drivers/STM32F1xx_HAL_Driver/Src/stm32f1xx_hal_uart.o
LOAD ./Src/MIDI.o
LOAD ./Src/MIDI_test.o
LOAD ./Src/UI.o
LOAD ./Src/YM3812.o
LOAD ./Src/main.o
LOAD ./Src/stm32f1xx_hal_msp.o
LOAD ./Src/stm32f1xx_it.o
LOAD ./Src/syscalls.o
LOAD ./Src/sysmem.o
LOAD ./Src/system_stm32f1xx.o
LOAD ./Startup/startup_stm32f103c8tx.o
START GROUP
LOAD c:/st/stm32cubeide_1.12.1/stm32cubeide/plugins/com.st.stm32cube.ide.mcu.externaltools.gnu-tools-for-stm32.10.3-2021.10.win32_1.0.200.202301161003/tools/bin/../lib/gcc/arm-none-eabi/10.3.1/../../../../arm-none-eabi/lib/thumb/v7-m/nofp\libc_nano.a
LOAD c:/st/stm32cubeide_1.12.1/stm32cubeide/plugins/com.st.stm32cube.ide.mcu.externaltools.gnu-tools-for-stm32.10.3-2021.10.win32_1.0.200.202301161003/tools/bin/../lib/gcc/arm-none-eabi/10.3.1/../../../../arm-none-eabi/lib/thumb/v7-m/nofp\libm.a
END GROUP
START GROUP
LOAD c:/st/stm32cubeide_1.12.1/stm32cubeide/plugins/com.st.stm32cube.ide.mcu.externaltools.gnu-tools-for-stm32.10.3-2021.10.win32_1.0.200.202301161003/tools/bin/../lib/gcc/arm-none-eabi/10.3.1/thumb/v7-m/nofp\libgcc.a
LOAD c:/st/stm32cubeide_1.12.1/stm32cubeide/plugins/com.st.stm32cube.ide.mcu.externaltools.gnu-tools-for-stm32.10.3-2021.10.win32_1.0.200.202301161003/tools/bin/../lib/gcc/arm-none-eabi/10.3.1/../../../../arm-none-eabi/lib/thumb/v7-m/nofp\libc_nano.a
END GROUP
START GROUP
LOAD c:/st/stm32cubeide_1.12.1/stm32cubeide/plugins/com.st.stm32cube.ide.mcu.externaltools.gnu-tools-for-stm32.10.3-2021.10.win32_1.0.200.202301161003/tools/bin/../lib/gcc/arm-none-eabi/10.3.1/thumb/v7-m/nofp\libgcc.a
LOAD c:/st/stm32cubeide_1.12.1/stm32cubeide/plugins/com.st.stm32cube.ide.mcu.externaltools.gnu-tools-for-stm32.10.3-2021.10.win32_1.0.200.202301161003/tools/bin/../lib/gcc/arm-none-eabi/10.3.1/../../../../arm-none-eabi/lib/thumb/v7-m/nofp\libc_nano.a
LOAD c:/st/stm32cubeide_1.12.1/stm32cubeide/plugins/com.st.stm32cube.ide.mcu.externaltools.gnu-tools-for-stm32.10.3-2021.10.win32_1.0.200.202301161003/tools/bin/../lib/gcc/arm-none-eabi/10.3.1/../../../../arm-none-eabi/lib/thumb/v7-m/nofp\libnosys.a
END GROUP
START GROUP
LOAD c:/st/stm32cubeide_1.12.1/stm32cubeide/plugins/com.st.stm32cube.ide.mcu.externaltools.gnu-tools-for-stm32.10.3-2021.10.win32_1.0.200.202301161003/tools/bin/../lib/gcc/arm-none-eabi/10.3.1/thumb/v7-m/nofp\libgcc.a
LOAD c:/st/stm32cubeide_1.12.1/stm32cubeide/plugins/com.st.stm32cube.ide.mcu.externaltools.gnu-tools-for-stm32.10.3-2021.10.win32_1.0.200.202301161003/tools/bin/../lib/gcc/arm-none-eabi/10.3.1/../../../../arm-none-eabi/lib/thumb/v7-m/nofp\libc_nano.a
LOAD c:/st/stm32cubeide_1.12.1/stm32cubeide/plugins/com.st.stm32cube.ide.mcu.externaltools.gnu-tools-for-stm32.10.3-2021.10.win32_1.0.200.202301161003/tools/bin/../lib/gcc/arm-none-eabi/10.3.1/../../../../arm-none-eabi/lib/thumb/v7-m/nofp\libnosys.a
END GROUP
LOAD c:/st/stm32cubeide_1.12.1/stm32cubeide/plugins/com.st.stm32cube.ide.mcu.externaltools.gnu-tools-for-stm32.10.3-2021.10.win32_1.0.200.202301161003/tools/bin/../lib/gcc/arm-none-eabi/10.3.1/thumb/v7-m/nofp/crtend.o
LOAD c:/st/stm32cubeide_1.12.1/stm32cubeide/plugins/com.st.stm32cube.ide.mcu.externaltools.gnu-tools-for-stm32.10.3-2021.10.win32_1.0.200.202301161003/tools/bin/../lib/gcc/arm-none-eabi/10.3.1/thumb/v7-m/nofp/crtn.o
                0x0000000020005000                _estack = (ORIGIN (RAM) + LENGTH (RAM))
                0x0000000000000200                _Min_Heap_Size = 0x200
                0x0000000000000400                _Min_Stack_Size = 0x400

.isr_vector     0x0000000008000000      0x10c
                0x0000000008000000                . = ALIGN (0x4)
 *(.isr_vector)
 .isr_vector    0x0000000008000000      0x10c ./Startup/startup_stm32f103c8tx.o
                0x0000000008000000                g_pfnVectors
                0x000000000800010c                . = ALIGN (0x4)

.text           0x000000000800010c     0x34c4
                0x000000000800010c                . = ALIGN (0x4)
 *(.text)
 .text          0x000000000800010c       0x40 c:/st/stm32cubeide_1.12.1/stm32cubeide/plugins/com.st.stm32cube.ide.mcu.externaltools.gnu-tools-for-stm32.10.3-2021.10.win32_1.0.200.202301161003/tools/bin/../lib/gcc/arm-none-eabi/10.3.1/thumb/v7-m/nofp/crtbegin.o
 *(.text*)
 .text.HAL_Init
                0x000000000800014c       0x2c ./Drivers/STM32F1xx_HAL_Driver/Src/stm32f1xx_hal.o
                0x000000000800014c                HAL_Init
 .text.HAL_InitTick
                0x0000000008000178       0x60 ./Drivers/STM32F1xx_HAL_Driver/Src/stm32f1xx_hal.o
                0x0000000008000178                HAL_InitTick
 .text.HAL_IncTick
                0x00000000080001d8       0x24 ./Drivers/STM32F1xx_HAL_Driver/Src/stm32f1xx_hal.o
                0x00000000080001d8                HAL_IncTick
 .text.HAL_GetTick
                0x00000000080001fc       0x14 ./Drivers/STM32F1xx_HAL_Driver/Src/stm32f1xx_hal.o
                0x00000000080001fc                HAL_GetTick
 .text.HAL_Delay
                0x0000000008000210       0x48 ./Drivers/STM32F1xx_HAL_Driver/Src/stm32f1xx_hal.o
                0x0000000008000210                HAL_Delay
 .text.__NVIC_SetPriorityGrouping
                0x0000000008000258       0x48 ./Drivers/STM32F1xx_HAL_Driver/Src/stm32f1xx_hal_cortex.o
 .text.__NVIC_GetPriorityGrouping
                0x00000000080002a0       0x1c ./Drivers/STM32F1xx_HAL_Driver/Src/stm32f1xx_hal_cortex.o
 .text.__NVIC_EnableIRQ
                0x00000000080002bc       0x38 ./Drivers/STM32F1xx_HAL_Driver/Src/stm32f1xx_hal_cortex.o
 .text.__NVIC_SetPriority
                0x00000000080002f4       0x54 ./Drivers/STM32F1xx_HAL_Driver/Src/stm32f1xx_hal_cortex.o
 .text.NVIC_EncodePriority
                0x0000000008000348       0x64 ./Drivers/STM32F1xx_HAL_Driver/Src/stm32f1xx_hal_cortex.o
 .text.SysTick_Config
                0x00000000080003ac       0x44 ./Drivers/STM32F1xx_HAL_Driver/Src/stm32f1xx_hal_cortex.o
 .text.HAL_NVIC_SetPriorityGrouping
                0x00000000080003f0       0x16 ./Drivers/STM32F1xx_HAL_Driver/Src/stm32f1xx_hal_cortex.o
                0x00000000080003f0                HAL_NVIC_SetPriorityGrouping
 .text.HAL_NVIC_SetPriority
                0x0000000008000406       0x38 ./Drivers/STM32F1xx_HAL_Driver/Src/stm32f1xx_hal_cortex.o
                0x0000000008000406                HAL_NVIC_SetPriority
 .text.HAL_NVIC_EnableIRQ
                0x000000000800043e       0x1c ./Drivers/STM32F1xx_HAL_Driver/Src/stm32f1xx_hal_cortex.o
                0x000000000800043e                HAL_NVIC_EnableIRQ
 .text.HAL_SYSTICK_Config
                0x000000000800045a       0x18 ./Drivers/STM32F1xx_HAL_Driver/Src/stm32f1xx_hal_cortex.o
                0x000000000800045a                HAL_SYSTICK_Config
 .text.HAL_DMA_Abort
                0x0000000008000472       0x76 ./Drivers/STM32F1xx_HAL_Driver/Src/stm32f1xx_hal_dma.o
                0x0000000008000472                HAL_DMA_Abort
 .text.HAL_DMA_Abort_IT
                0x00000000080004e8       0xf0 ./Drivers/STM32F1xx_HAL_Driver/Src/stm32f1xx_hal_dma.o
                0x00000000080004e8                HAL_DMA_Abort_IT
 .text.HAL_GPIO_Init
                0x00000000080005d8      0x308 ./Drivers/STM32F1xx_HAL_Driver/Src/stm32f1xx_hal_gpio.o
                0x00000000080005d8                HAL_GPIO_Init
 .text.HAL_GPIO_WritePin
                0x00000000080008e0       0x30 ./Drivers/STM32F1xx_HAL_Driver/Src/stm32f1xx_hal_gpio.o
                0x00000000080008e0                HAL_GPIO_WritePin
 .text.HAL_RCC_OscConfig
                0x0000000008000910      0x504 ./Drivers/STM32F1xx_HAL_Driver/Src/stm32f1xx_hal_rcc.o
                0x0000000008000910                HAL_RCC_OscConfig
 .text.HAL_RCC_ClockConfig
                0x0000000008000e14      0x1d4 ./Drivers/STM32F1xx_HAL_Driver/Src/stm32f1xx_hal_rcc.o
                0x0000000008000e14                HAL_RCC_ClockConfig
 .text.HAL_RCC_GetSysClockFreq
                0x0000000008000fe8       0xa8 ./Drivers/STM32F1xx_HAL_Driver/Src/stm32f1xx_hal_rcc.o
                0x0000000008000fe8                HAL_RCC_GetSysClockFreq
 .text.HAL_RCC_GetHCLKFreq
                0x0000000008001090       0x14 ./Drivers/STM32F1xx_HAL_Driver/Src/stm32f1xx_hal_rcc.o
                0x0000000008001090                HAL_RCC_GetHCLKFreq
 .text.HAL_RCC_GetPCLK1Freq
                0x00000000080010a4       0x28 ./Drivers/STM32F1xx_HAL_Driver/Src/stm32f1xx_hal_rcc.o
                0x00000000080010a4                HAL_RCC_GetPCLK1Freq
 .text.HAL_RCC_GetPCLK2Freq
                0x00000000080010cc       0x28 ./Drivers/STM32F1xx_HAL_Driver/Src/stm32f1xx_hal_rcc.o
                0x00000000080010cc                HAL_RCC_GetPCLK2Freq
 .text.RCC_Delay
                0x00000000080010f4       0x3c ./Drivers/STM32F1xx_HAL_Driver/Src/stm32f1xx_hal_rcc.o
 .text.HAL_UART_Init
                0x0000000008001130       0xa0 ./Drivers/STM32F1xx_HAL_Driver/Src/stm32f1xx_hal_uart.o
                0x0000000008001130                HAL_UART_Init
 .text.HAL_UART_Transmit
                0x00000000080011d0      0x106 ./Drivers/STM32F1xx_HAL_Driver/Src/stm32f1xx_hal_uart.o
                0x00000000080011d0                HAL_UART_Transmit
 .text.HAL_UART_Receive_IT
                0x00000000080012d6       0x4a ./Drivers/STM32F1xx_HAL_Driver/Src/stm32f1xx_hal_uart.o
                0x00000000080012d6                HAL_UART_Receive_IT
 .text.HAL_UART_IRQHandler
                0x0000000008001320      0x524 ./Drivers/STM32F1xx_HAL_Driver/Src/stm32f1xx_hal_uart.o
                0x0000000008001320                HAL_UART_IRQHandler
 .text.HAL_UART_TxCpltCallback
                0x0000000008001844       0x12 ./Drivers/STM32F1xx_HAL_Driver/Src/stm32f1xx_hal_uart.o
                0x0000000008001844                HAL_UART_TxCpltCallback
 .text.HAL_UART_ErrorCallback
                0x0000000008001856       0x12 ./Drivers/STM32F1xx_HAL_Driver/Src/stm32f1xx_hal_uart.o
                0x0000000008001856                HAL_UART_ErrorCallback
 .text.HAL_UARTEx_RxEventCallback
                0x0000000008001868       0x16 ./Drivers/STM32F1xx_HAL_Driver/Src/stm32f1xx_hal_uart.o
                0x0000000008001868                HAL_UARTEx_RxEventCallback
 .text.UART_WaitOnFlagUntilTimeout
                0x000000000800187e       0xdc ./Drivers/STM32F1xx_HAL_Driver/Src/stm32f1xx_hal_uart.o
 .text.UART_Start_Receive_IT
                0x000000000800195a       0x72 ./Drivers/STM32F1xx_HAL_Driver/Src/stm32f1xx_hal_uart.o
                0x000000000800195a                UART_Start_Receive_IT
 .text.UART_EndRxTransfer
                0x00000000080019cc       0xc4 ./Drivers/STM32F1xx_HAL_Driver/Src/stm32f1xx_hal_uart.o
 .text.UART_DMAAbortOnError
                0x0000000008001a90       0x28 ./Drivers/STM32F1xx_HAL_Driver/Src/stm32f1xx_hal_uart.o
 .text.UART_Transmit_IT
                0x0000000008001ab8       0x9e ./Drivers/STM32F1xx_HAL_Driver/Src/stm32f1xx_hal_uart.o
 .text.UART_EndTransmit_IT
                0x0000000008001b56       0x30 ./Drivers/STM32F1xx_HAL_Driver/Src/stm32f1xx_hal_uart.o
 .text.UART_Receive_IT
                0x0000000008001b86      0x17c ./Drivers/STM32F1xx_HAL_Driver/Src/stm32f1xx_hal_uart.o
 *fill*         0x0000000008001d02        0x2 
 .text.UART_SetConfig
                0x0000000008001d04      0x11c ./Drivers/STM32F1xx_HAL_Driver/Src/stm32f1xx_hal_uart.o
 .text.MIDI_PROC
                0x0000000008001e20      0x2b4 ./Src/MIDI.o
                0x0000000008001e20                MIDI_PROC
 .text.control_leds
                0x00000000080020d4      0x1e0 ./Src/MIDI_test.o
                0x00000000080020d4                control_leds
 .text.YM_WRITE_Databus
                0x00000000080022b4      0x2c4 ./Src/YM3812.o
                0x00000000080022b4                YM_WRITE_Databus
 .text.YM_WriteBits
                0x0000000008002578      0x10c ./Src/YM3812.o
                0x0000000008002578                YM_WriteBits
 .text.YM_NOTE_ON
                0x0000000008002684       0x74 ./Src/YM3812.o
                0x0000000008002684                YM_NOTE_ON
 .text.YM_NOTE_OFF
                0x00000000080026f8       0xb0 ./Src/YM3812.o
                0x00000000080026f8                YM_NOTE_OFF
 .text.YM_PITCH
                0x00000000080027a8      0x248 ./Src/YM3812.o
                0x00000000080027a8                YM_PITCH
 .text.YM_RESET
                0x00000000080029f0       0x30 ./Src/YM3812.o
                0x00000000080029f0                YM_RESET
 .text.YM_SET_Def
                0x0000000008002a20      0x4c4 ./Src/YM3812.o
                0x0000000008002a20                YM_SET_Def
 .text.main     0x0000000008002ee4      0x134 ./Src/main.o
                0x0000000008002ee4                main
 .text.SystemClock_Config
                0x0000000008003018       0x8a ./Src/main.o
                0x0000000008003018                SystemClock_Config
 *fill*         0x00000000080030a2        0x2 
 .text.MX_USART1_UART_Init
                0x00000000080030a4       0x64 ./Src/main.o
 .text.MX_USART2_UART_Init
                0x0000000008003108       0x64 ./Src/main.o
 .text.MX_GPIO_Init
                0x000000000800316c      0x118 ./Src/main.o
 .text.HAL_UART_RxCpltCallback
                0x0000000008003284       0x94 ./Src/main.o
                0x0000000008003284                HAL_UART_RxCpltCallback
 .text.Error_Handler
                0x0000000008003318        0xc ./Src/main.o
                0x0000000008003318                Error_Handler
 .text.HAL_MspInit
                0x0000000008003324       0x44 ./Src/stm32f1xx_hal_msp.o
                0x0000000008003324                HAL_MspInit
 .text.HAL_UART_MspInit
                0x0000000008003368      0x128 ./Src/stm32f1xx_hal_msp.o
                0x0000000008003368                HAL_UART_MspInit
 .text.NMI_Handler
                0x0000000008003490        0x6 ./Src/stm32f1xx_it.o
                0x0000000008003490                NMI_Handler
 .text.HardFault_Handler
                0x0000000008003496        0x6 ./Src/stm32f1xx_it.o
                0x0000000008003496                HardFault_Handler
 .text.MemManage_Handler
                0x000000000800349c        0x6 ./Src/stm32f1xx_it.o
                0x000000000800349c                MemManage_Handler
 .text.BusFault_Handler
                0x00000000080034a2        0x6 ./Src/stm32f1xx_it.o
                0x00000000080034a2                BusFault_Handler
 .text.UsageFault_Handler
                0x00000000080034a8        0x6 ./Src/stm32f1xx_it.o
                0x00000000080034a8                UsageFault_Handler
 .text.SVC_Handler
                0x00000000080034ae        0xc ./Src/stm32f1xx_it.o
                0x00000000080034ae                SVC_Handler
 .text.DebugMon_Handler
                0x00000000080034ba        0xc ./Src/stm32f1xx_it.o
                0x00000000080034ba                DebugMon_Handler
 .text.PendSV_Handler
                0x00000000080034c6        0xc ./Src/stm32f1xx_it.o
                0x00000000080034c6                PendSV_Handler
 .text.SysTick_Handler
                0x00000000080034d2        0xc ./Src/stm32f1xx_it.o
                0x00000000080034d2                SysTick_Handler
 *fill*         0x00000000080034de        0x2 
 .text.USART1_IRQHandler
                0x00000000080034e0       0x14 ./Src/stm32f1xx_it.o
                0x00000000080034e0                USART1_IRQHandler
 .text.USART2_IRQHandler
                0x00000000080034f4       0x14 ./Src/stm32f1xx_it.o
                0x00000000080034f4                USART2_IRQHandler
 .text.SystemInit
                0x0000000008003508        0xc ./Src/system_stm32f1xx.o
                0x0000000008003508                SystemInit
 .text.Reset_Handler
                0x0000000008003514       0x48 ./Startup/startup_stm32f103c8tx.o
                0x0000000008003514                Reset_Handler
 .text.Default_Handler
                0x000000000800355c        0x2 ./Startup/startup_stm32f103c8tx.o
                0x000000000800355c                RTC_Alarm_IRQHandler
                0x000000000800355c                EXTI2_IRQHandler
                0x000000000800355c                TIM1_CC_IRQHandler
                0x000000000800355c                PVD_IRQHandler
                0x000000000800355c                EXTI3_IRQHandler
                0x000000000800355c                EXTI0_IRQHandler
                0x000000000800355c                I2C2_EV_IRQHandler
                0x000000000800355c                ADC1_2_IRQHandler
                0x000000000800355c                SPI1_IRQHandler
                0x000000000800355c                TAMPER_IRQHandler
                0x000000000800355c                DMA1_Channel4_IRQHandler
                0x000000000800355c                USART3_IRQHandler
                0x000000000800355c                RTC_IRQHandler
                0x000000000800355c                DMA1_Channel7_IRQHandler
                0x000000000800355c                CAN1_RX1_IRQHandler
                0x000000000800355c                TIM4_IRQHandler
                0x000000000800355c                I2C1_EV_IRQHandler
                0x000000000800355c                DMA1_Channel6_IRQHandler
                0x000000000800355c                TIM3_IRQHandler
                0x000000000800355c                RCC_IRQHandler
                0x000000000800355c                TIM1_TRG_COM_IRQHandler
                0x000000000800355c                DMA1_Channel1_IRQHandler
                0x000000000800355c                Default_Handler
                0x000000000800355c                EXTI15_10_IRQHandler
                0x000000000800355c                EXTI9_5_IRQHandler
                0x000000000800355c                SPI2_IRQHandler
                0x000000000800355c                DMA1_Channel5_IRQHandler
                0x000000000800355c                EXTI4_IRQHandler
                0x000000000800355c                USB_LP_CAN1_RX0_IRQHandler
                0x000000000800355c                USB_HP_CAN1_TX_IRQHandler
                0x000000000800355c                DMA1_Channel3_IRQHandler
                0x000000000800355c                TIM1_UP_IRQHandler
                0x000000000800355c                WWDG_IRQHandler
                0x000000000800355c                TIM2_IRQHandler
                0x000000000800355c                TIM1_BRK_IRQHandler
                0x000000000800355c                EXTI1_IRQHandler
                0x000000000800355c                I2C2_ER_IRQHandler
                0x000000000800355c                DMA1_Channel2_IRQHandler
                0x000000000800355c                CAN1_SCE_IRQHandler
                0x000000000800355c                FLASH_IRQHandler
                0x000000000800355c                I2C1_ER_IRQHandler
                0x000000000800355c                USBWakeUp_IRQHandler
 *fill*         0x000000000800355e        0x2 
 .text.__libc_init_array
                0x0000000008003560       0x48 c:/st/stm32cubeide_1.12.1/stm32cubeide/plugins/com.st.stm32cube.ide.mcu.externaltools.gnu-tools-for-stm32.10.3-2021.10.win32_1.0.200.202301161003/tools/bin/../lib/gcc/arm-none-eabi/10.3.1/../../../../arm-none-eabi/lib/thumb/v7-m/nofp\libc_nano.a(lib_a-init.o)
                0x0000000008003560                __libc_init_array
 .text.memset   0x00000000080035a8       0x10 c:/st/stm32cubeide_1.12.1/stm32cubeide/plugins/com.st.stm32cube.ide.mcu.externaltools.gnu-tools-for-stm32.10.3-2021.10.win32_1.0.200.202301161003/tools/bin/../lib/gcc/arm-none-eabi/10.3.1/../../../../arm-none-eabi/lib/thumb/v7-m/nofp\libc_nano.a(lib_a-memset.o)
                0x00000000080035a8                memset
 *(.glue_7)
 .glue_7        0x00000000080035b8        0x0 linker stubs
 *(.glue_7t)
 .glue_7t       0x00000000080035b8        0x0 linker stubs
 *(.eh_frame)
 .eh_frame      0x00000000080035b8        0x0 c:/st/stm32cubeide_1.12.1/stm32cubeide/plugins/com.st.stm32cube.ide.mcu.externaltools.gnu-tools-for-stm32.10.3-2021.10.win32_1.0.200.202301161003/tools/bin/../lib/gcc/arm-none-eabi/10.3.1/thumb/v7-m/nofp/crtbegin.o
 *(.init)
 .init          0x00000000080035b8        0x4 c:/st/stm32cubeide_1.12.1/stm32cubeide/plugins/com.st.stm32cube.ide.mcu.externaltools.gnu-tools-for-stm32.10.3-2021.10.win32_1.0.200.202301161003/tools/bin/../lib/gcc/arm-none-eabi/10.3.1/thumb/v7-m/nofp/crti.o
                0x00000000080035b8                _init
 .init          0x00000000080035bc        0x8 c:/st/stm32cubeide_1.12.1/stm32cubeide/plugins/com.st.stm32cube.ide.mcu.externaltools.gnu-tools-for-stm32.10.3-2021.10.win32_1.0.200.202301161003/tools/bin/../lib/gcc/arm-none-eabi/10.3.1/thumb/v7-m/nofp/crtn.o
 *(.fini)
 .fini          0x00000000080035c4        0x4 c:/st/stm32cubeide_1.12.1/stm32cubeide/plugins/com.st.stm32cube.ide.mcu.externaltools.gnu-tools-for-stm32.10.3-2021.10.win32_1.0.200.202301161003/tools/bin/../lib/gcc/arm-none-eabi/10.3.1/thumb/v7-m/nofp/crti.o
                0x00000000080035c4                _fini
 .fini          0x00000000080035c8        0x8 c:/st/stm32cubeide_1.12.1/stm32cubeide/plugins/com.st.stm32cube.ide.mcu.externaltools.gnu-tools-for-stm32.10.3-2021.10.win32_1.0.200.202301161003/tools/bin/../lib/gcc/arm-none-eabi/10.3.1/thumb/v7-m/nofp/crtn.o
                0x00000000080035d0                . = ALIGN (0x4)
                0x00000000080035d0                _etext = .

.vfp11_veneer   0x00000000080035d0        0x0
 .vfp11_veneer  0x00000000080035d0        0x0 linker stubs

.v4_bx          0x00000000080035d0        0x0
 .v4_bx         0x00000000080035d0        0x0 linker stubs

.iplt           0x00000000080035d0        0x0
 .iplt          0x00000000080035d0        0x0 c:/st/stm32cubeide_1.12.1/stm32cubeide/plugins/com.st.stm32cube.ide.mcu.externaltools.gnu-tools-for-stm32.10.3-2021.10.win32_1.0.200.202301161003/tools/bin/../lib/gcc/arm-none-eabi/10.3.1/thumb/v7-m/nofp/crtbegin.o

.rodata         0x00000000080035d0       0x58
                0x00000000080035d0                . = ALIGN (0x4)
 *(.rodata)
 .rodata        0x00000000080035d0       0x2c ./Src/YM3812.o
 *(.rodata*)
 .rodata.aPLLMULFactorTable.1
                0x00000000080035fc       0x10 ./Drivers/STM32F1xx_HAL_Driver/Src/stm32f1xx_hal_rcc.o
 .rodata.aPredivFactorTable.0
                0x000000000800360c        0x2 ./Drivers/STM32F1xx_HAL_Driver/Src/stm32f1xx_hal_rcc.o
 *fill*         0x000000000800360e        0x2 
 .rodata.AHBPrescTable
                0x0000000008003610       0x10 ./Src/system_stm32f1xx.o
                0x0000000008003610                AHBPrescTable
 .rodata.APBPrescTable
                0x0000000008003620        0x8 ./Src/system_stm32f1xx.o
                0x0000000008003620                APBPrescTable
                0x0000000008003628                . = ALIGN (0x4)

.rel.dyn        0x0000000008003628        0x0
 .rel.iplt      0x0000000008003628        0x0 c:/st/stm32cubeide_1.12.1/stm32cubeide/plugins/com.st.stm32cube.ide.mcu.externaltools.gnu-tools-for-stm32.10.3-2021.10.win32_1.0.200.202301161003/tools/bin/../lib/gcc/arm-none-eabi/10.3.1/thumb/v7-m/nofp/crtbegin.o

.ARM.extab      0x0000000008003628        0x0
                0x0000000008003628                . = ALIGN (0x4)
 *(.ARM.extab* .gnu.linkonce.armextab.*)
                0x0000000008003628                . = ALIGN (0x4)

.ARM            0x0000000008003628        0x0
                0x0000000008003628                . = ALIGN (0x4)
                0x0000000008003628                __exidx_start = .
 *(.ARM.exidx*)
                0x0000000008003628                __exidx_end = .
                0x0000000008003628                . = ALIGN (0x4)

.preinit_array  0x0000000008003628        0x0
                0x0000000008003628                . = ALIGN (0x4)
                0x0000000008003628                PROVIDE (__preinit_array_start = .)
 *(.preinit_array*)
                0x0000000008003628                PROVIDE (__preinit_array_end = .)
                0x0000000008003628                . = ALIGN (0x4)

.init_array     0x0000000008003628        0x4
                0x0000000008003628                . = ALIGN (0x4)
                0x0000000008003628                PROVIDE (__init_array_start = .)
 *(SORT_BY_NAME(.init_array.*))
 *(.init_array*)
 .init_array    0x0000000008003628        0x4 c:/st/stm32cubeide_1.12.1/stm32cubeide/plugins/com.st.stm32cube.ide.mcu.externaltools.gnu-tools-for-stm32.10.3-2021.10.win32_1.0.200.202301161003/tools/bin/../lib/gcc/arm-none-eabi/10.3.1/thumb/v7-m/nofp/crtbegin.o
                0x000000000800362c                PROVIDE (__init_array_end = .)
                0x000000000800362c                . = ALIGN (0x4)

.fini_array     0x000000000800362c        0x4
                0x000000000800362c                . = ALIGN (0x4)
                [!provide]                        PROVIDE (__fini_array_start = .)
 *(SORT_BY_NAME(.fini_array.*))
 *(.fini_array*)
 .fini_array    0x000000000800362c        0x4 c:/st/stm32cubeide_1.12.1/stm32cubeide/plugins/com.st.stm32cube.ide.mcu.externaltools.gnu-tools-for-stm32.10.3-2021.10.win32_1.0.200.202301161003/tools/bin/../lib/gcc/arm-none-eabi/10.3.1/thumb/v7-m/nofp/crtbegin.o
                [!provide]                        PROVIDE (__fini_array_end = .)
                0x0000000008003630                . = ALIGN (0x4)
                0x0000000008003630                _sidata = LOADADDR (.data)

.data           0x0000000020000000       0x70 load address 0x0000000008003630
                0x0000000020000000                . = ALIGN (0x4)
                0x0000000020000000                _sdata = .
 *(.data)
 *(.data*)
 .data.uwTickPrio
                0x0000000020000000        0x4 ./Drivers/STM32F1xx_HAL_Driver/Src/stm32f1xx_hal.o
                0x0000000020000000                uwTickPrio
 .data.uwTickFreq
                0x0000000020000004        0x1 ./Drivers/STM32F1xx_HAL_Driver/Src/stm32f1xx_hal.o
                0x0000000020000004                uwTickFreq
 *fill*         0x0000000020000005        0x3 
 .data.op1      0x0000000020000008        0x9 ./Src/YM3812.o
                0x0000000020000008                op1
 *fill*         0x0000000020000011        0x3 
 .data.op2      0x0000000020000014        0x9 ./Src/YM3812.o
                0x0000000020000014                op2
 *fill*         0x000000002000001d        0x3 
 .data.F_Number
                0x0000000020000020       0x40 ./Src/YM3812.o
                0x0000000020000020                F_Number
 .data.pageinit
                0x0000000020000060        0x9 ./Src/main.o
                0x0000000020000060                pageinit
 *fill*         0x0000000020000069        0x3 
 .data.SystemCoreClock
                0x000000002000006c        0x4 ./Src/system_stm32f1xx.o
                0x000000002000006c                SystemCoreClock
 *(.RamFunc)
 *(.RamFunc*)
                0x0000000020000070                . = ALIGN (0x4)
                0x0000000020000070                _edata = .

.igot.plt       0x0000000020000070        0x0 load address 0x00000000080036a0
 .igot.plt      0x0000000020000070        0x0 c:/st/stm32cubeide_1.12.1/stm32cubeide/plugins/com.st.stm32cube.ide.mcu.externaltools.gnu-tools-for-stm32.10.3-2021.10.win32_1.0.200.202301161003/tools/bin/../lib/gcc/arm-none-eabi/10.3.1/thumb/v7-m/nofp/crtbegin.o
                0x0000000020000070                . = ALIGN (0x4)

.bss            0x0000000020000070      0x17c load address 0x00000000080036a0
                0x0000000020000070                _sbss = .
                0x0000000020000070                __bss_start__ = _sbss
 *(.bss)
 .bss           0x0000000020000070       0x1c c:/st/stm32cubeide_1.12.1/stm32cubeide/plugins/com.st.stm32cube.ide.mcu.externaltools.gnu-tools-for-stm32.10.3-2021.10.win32_1.0.200.202301161003/tools/bin/../lib/gcc/arm-none-eabi/10.3.1/thumb/v7-m/nofp/crtbegin.o
 *(.bss*)
 .bss.uwTick    0x000000002000008c        0x4 ./Drivers/STM32F1xx_HAL_Driver/Src/stm32f1xx_hal.o
                0x000000002000008c                uwTick
 .bss.i         0x0000000020000090        0x1 ./Src/MIDI.o
                0x0000000020000090                i
 *fill*         0x0000000020000091        0x3 
 .bss.DATA      0x0000000020000094        0x2 ./Src/MIDI.o
                0x0000000020000094                DATA
 .bss.NOTE_ON_FLAG
                0x0000000020000096        0x1 ./Src/MIDI.o
                0x0000000020000096                NOTE_ON_FLAG
 .bss.NOTE_OFF_FLAG
                0x0000000020000097        0x1 ./Src/MIDI.o
                0x0000000020000097                NOTE_OFF_FLAG
 .bss.NOTE_PROG_CHANGE_FLAG
                0x0000000020000098        0x1 ./Src/MIDI.o
                0x0000000020000098                NOTE_PROG_CHANGE_FLAG
 .bss.NOTE_CONT_CHANGE_FLAG
                0x0000000020000099        0x1 ./Src/MIDI.o
                0x0000000020000099                NOTE_CONT_CHANGE_FLAG
 .bss.NOTE_PITCH_CHANGE_FLAG
                0x000000002000009a        0x1 ./Src/MIDI.o
                0x000000002000009a                NOTE_PITCH_CHANGE_FLAG
 *fill*         0x000000002000009b        0x1 
 .bss.KEYS      0x000000002000009c        0x9 ./Src/MIDI_test.o
                0x000000002000009c                KEYS
 *fill*         0x00000000200000a5        0x3 
 .bss.VCH       0x00000000200000a8       0x48 ./Src/YM3812.o
                0x00000000200000a8                VCH
 .bss.huart1    0x00000000200000f0       0x48 ./Src/main.o
                0x00000000200000f0                huart1
 .bss.huart2    0x0000000020000138       0x48 ./Src/main.o
                0x0000000020000138                huart2
 .bss.ReceiveFlag
                0x0000000020000180        0x1 ./Src/main.o
                0x0000000020000180                ReceiveFlag
 .bss.data1     0x0000000020000181        0x1 ./Src/main.o
                0x0000000020000181                data1
 .bss.data2     0x0000000020000182        0x1 ./Src/main.o
                0x0000000020000182                data2
 *fill*         0x0000000020000183        0x1 
 .bss.midi_buffer
                0x0000000020000184       0x64 ./Src/main.o
                0x0000000020000184                midi_buffer
 .bss.midi_buffer_index
                0x00000000200001e8        0x1 ./Src/main.o
                0x00000000200001e8                midi_buffer_index
 .bss.midi_cnt  0x00000000200001e9        0x1 ./Src/main.o
                0x00000000200001e9                midi_cnt
 *(COMMON)
                0x00000000200001ec                . = ALIGN (0x4)
 *fill*         0x00000000200001ea        0x2 
                0x00000000200001ec                _ebss = .
                0x00000000200001ec                __bss_end__ = _ebss

._user_heap_stack
                0x00000000200001ec      0x604 load address 0x00000000080036a0
                0x00000000200001f0                . = ALIGN (0x8)
 *fill*         0x00000000200001ec        0x4 
                [!provide]                        PROVIDE (end = .)
                0x00000000200001f0                PROVIDE (_end = .)
                0x00000000200003f0                . = (. + _Min_Heap_Size)
 *fill*         0x00000000200001f0      0x200 
                0x00000000200007f0                . = (. + _Min_Stack_Size)
 *fill*         0x00000000200003f0      0x400 
                0x00000000200007f0                . = ALIGN (0x8)

/DISCARD/
 libc.a(*)
 libm.a(*)
 libgcc.a(*)

.ARM.attributes
                0x0000000000000000       0x29
 *(.ARM.attributes)
 .ARM.attributes
                0x0000000000000000       0x1d c:/st/stm32cubeide_1.12.1/stm32cubeide/plugins/com.st.stm32cube.ide.mcu.externaltools.gnu-tools-for-stm32.10.3-2021.10.win32_1.0.200.202301161003/tools/bin/../lib/gcc/arm-none-eabi/10.3.1/thumb/v7-m/nofp/crti.o
 .ARM.attributes
                0x000000000000001d       0x2d c:/st/stm32cubeide_1.12.1/stm32cubeide/plugins/com.st.stm32cube.ide.mcu.externaltools.gnu-tools-for-stm32.10.3-2021.10.win32_1.0.200.202301161003/tools/bin/../lib/gcc/arm-none-eabi/10.3.1/thumb/v7-m/nofp/crtbegin.o
 .ARM.attributes
                0x000000000000004a       0x2d ./Drivers/STM32F1xx_HAL_Driver/Src/stm32f1xx_hal.o
 .ARM.attributes
                0x0000000000000077       0x2d ./Drivers/STM32F1xx_HAL_Driver/Src/stm32f1xx_hal_cortex.o
 .ARM.attributes
                0x00000000000000a4       0x2d ./Drivers/STM32F1xx_HAL_Driver/Src/stm32f1xx_hal_dma.o
 .ARM.attributes
                0x00000000000000d1       0x2d ./Drivers/STM32F1xx_HAL_Driver/Src/stm32f1xx_hal_gpio.o
 .ARM.attributes
                0x00000000000000fe       0x2d ./Drivers/STM32F1xx_HAL_Driver/Src/stm32f1xx_hal_rcc.o
 .ARM.attributes
                0x000000000000012b       0x2d ./Drivers/STM32F1xx_HAL_Driver/Src/stm32f1xx_hal_uart.o
 .ARM.attributes
                0x0000000000000158       0x2d ./Src/MIDI.o
 .ARM.attributes
                0x0000000000000185       0x2d ./Src/MIDI_test.o
 .ARM.attributes
                0x00000000000001b2       0x2d ./Src/YM3812.o
 .ARM.attributes
                0x00000000000001df       0x2d ./Src/main.o
 .ARM.attributes
                0x000000000000020c       0x2d ./Src/stm32f1xx_hal_msp.o
 .ARM.attributes
                0x0000000000000239       0x2d ./Src/stm32f1xx_it.o
 .ARM.attributes
                0x0000000000000266       0x2d ./Src/system_stm32f1xx.o
 .ARM.attributes
                0x0000000000000293       0x21 ./Startup/startup_stm32f103c8tx.o
 .ARM.attributes
                0x00000000000002b4       0x2d c:/st/stm32cubeide_1.12.1/stm32cubeide/plugins/com.st.stm32cube.ide.mcu.externaltools.gnu-tools-for-stm32.10.3-2021.10.win32_1.0.200.202301161003/tools/bin/../lib/gcc/arm-none-eabi/10.3.1/../../../../arm-none-eabi/lib/thumb/v7-m/nofp\libc_nano.a(lib_a-init.o)
 .ARM.attributes
                0x00000000000002e1       0x2d c:/st/stm32cubeide_1.12.1/stm32cubeide/plugins/com.st.stm32cube.ide.mcu.externaltools.gnu-tools-for-stm32.10.3-2021.10.win32_1.0.200.202301161003/tools/bin/../lib/gcc/arm-none-eabi/10.3.1/../../../../arm-none-eabi/lib/thumb/v7-m/nofp\libc_nano.a(lib_a-memset.o)
 .ARM.attributes
                0x000000000000030e       0x1d c:/st/stm32cubeide_1.12.1/stm32cubeide/plugins/com.st.stm32cube.ide.mcu.externaltools.gnu-tools-for-stm32.10.3-2021.10.win32_1.0.200.202301161003/tools/bin/../lib/gcc/arm-none-eabi/10.3.1/thumb/v7-m/nofp/crtn.o
OUTPUT(Software.elf elf32-littlearm)
LOAD linker stubs
LOAD c:/st/stm32cubeide_1.12.1/stm32cubeide/plugins/com.st.stm32cube.ide.mcu.externaltools.gnu-tools-for-stm32.10.3-2021.10.win32_1.0.200.202301161003/tools/bin/../lib/gcc/arm-none-eabi/10.3.1/../../../../arm-none-eabi/lib/thumb/v7-m/nofp\libc.a
LOAD c:/st/stm32cubeide_1.12.1/stm32cubeide/plugins/com.st.stm32cube.ide.mcu.externaltools.gnu-tools-for-stm32.10.3-2021.10.win32_1.0.200.202301161003/tools/bin/../lib/gcc/arm-none-eabi/10.3.1/../../../../arm-none-eabi/lib/thumb/v7-m/nofp\libm.a
LOAD c:/st/stm32cubeide_1.12.1/stm32cubeide/plugins/com.st.stm32cube.ide.mcu.externaltools.gnu-tools-for-stm32.10.3-2021.10.win32_1.0.200.202301161003/tools/bin/../lib/gcc/arm-none-eabi/10.3.1/thumb/v7-m/nofp\libgcc.a

.debug_info     0x0000000000000000     0x867c
 .debug_info    0x0000000000000000      0x734 ./Drivers/STM32F1xx_HAL_Driver/Src/stm32f1xx_hal.o
 .debug_info    0x0000000000000734      0xb20 ./Drivers/STM32F1xx_HAL_Driver/Src/stm32f1xx_hal_cortex.o
 .debug_info    0x0000000000001254      0x744 ./Drivers/STM32F1xx_HAL_Driver/Src/stm32f1xx_hal_dma.o
 .debug_info    0x0000000000001998      0x615 ./Drivers/STM32F1xx_HAL_Driver/Src/stm32f1xx_hal_gpio.o
 .debug_info    0x0000000000001fad      0x865 ./Drivers/STM32F1xx_HAL_Driver/Src/stm32f1xx_hal_rcc.o
 .debug_info    0x0000000000002812     0x31b2 ./Drivers/STM32F1xx_HAL_Driver/Src/stm32f1xx_hal_uart.o
 .debug_info    0x00000000000059c4      0x1db ./Src/MIDI.o
 .debug_info    0x0000000000005b9f      0x22e ./Src/MIDI_test.o
 .debug_info    0x0000000000005dcd      0x8d6 ./Src/YM3812.o
 .debug_info    0x00000000000066a3      0xd75 ./Src/main.o
 .debug_info    0x0000000000007418      0x9ab ./Src/stm32f1xx_hal_msp.o
 .debug_info    0x0000000000007dc3      0x65a ./Src/stm32f1xx_it.o
 .debug_info    0x000000000000841d      0x23d ./Src/system_stm32f1xx.o
 .debug_info    0x000000000000865a       0x22 ./Startup/startup_stm32f103c8tx.o

.debug_abbrev   0x0000000000000000     0x1a04
 .debug_abbrev  0x0000000000000000      0x1fb ./Drivers/STM32F1xx_HAL_Driver/Src/stm32f1xx_hal.o
 .debug_abbrev  0x00000000000001fb      0x2ed ./Drivers/STM32F1xx_HAL_Driver/Src/stm32f1xx_hal_cortex.o
 .debug_abbrev  0x00000000000004e8      0x1fe ./Drivers/STM32F1xx_HAL_Driver/Src/stm32f1xx_hal_dma.o
 .debug_abbrev  0x00000000000006e6      0x1bb ./Drivers/STM32F1xx_HAL_Driver/Src/stm32f1xx_hal_gpio.o
 .debug_abbrev  0x00000000000008a1      0x2a8 ./Drivers/STM32F1xx_HAL_Driver/Src/stm32f1xx_hal_rcc.o
 .debug_abbrev  0x0000000000000b49      0x2df ./Drivers/STM32F1xx_HAL_Driver/Src/stm32f1xx_hal_uart.o
 .debug_abbrev  0x0000000000000e28       0xe5 ./Src/MIDI.o
 .debug_abbrev  0x0000000000000f0d      0x14a ./Src/MIDI_test.o
 .debug_abbrev  0x0000000000001057      0x288 ./Src/YM3812.o
 .debug_abbrev  0x00000000000012df      0x2cb ./Src/main.o
 .debug_abbrev  0x00000000000015aa      0x1a7 ./Src/stm32f1xx_hal_msp.o
 .debug_abbrev  0x0000000000001751      0x166 ./Src/stm32f1xx_it.o
 .debug_abbrev  0x00000000000018b7      0x13b ./Src/system_stm32f1xx.o
 .debug_abbrev  0x00000000000019f2       0x12 ./Startup/startup_stm32f103c8tx.o

.debug_aranges  0x0000000000000000      0x790
 .debug_aranges
                0x0000000000000000       0xe0 ./Drivers/STM32F1xx_HAL_Driver/Src/stm32f1xx_hal.o
 .debug_aranges
                0x00000000000000e0      0x100 ./Drivers/STM32F1xx_HAL_Driver/Src/stm32f1xx_hal_cortex.o
 .debug_aranges
                0x00000000000001e0       0x80 ./Drivers/STM32F1xx_HAL_Driver/Src/stm32f1xx_hal_dma.o
 .debug_aranges
                0x0000000000000260       0x58 ./Drivers/STM32F1xx_HAL_Driver/Src/stm32f1xx_hal_gpio.o
 .debug_aranges
                0x00000000000002b8       0x90 ./Drivers/STM32F1xx_HAL_Driver/Src/stm32f1xx_hal_rcc.o
 .debug_aranges
                0x0000000000000348      0x208 ./Drivers/STM32F1xx_HAL_Driver/Src/stm32f1xx_hal_uart.o
 .debug_aranges
                0x0000000000000550       0x20 ./Src/MIDI.o
 .debug_aranges
                0x0000000000000570       0x20 ./Src/MIDI_test.o
 .debug_aranges
                0x0000000000000590       0xc0 ./Src/YM3812.o
 .debug_aranges
                0x0000000000000650       0x50 ./Src/main.o
 .debug_aranges
                0x00000000000006a0       0x30 ./Src/stm32f1xx_hal_msp.o
 .debug_aranges
                0x00000000000006d0       0x70 ./Src/stm32f1xx_it.o
 .debug_aranges
                0x0000000000000740       0x28 ./Src/system_stm32f1xx.o
 .debug_aranges
                0x0000000000000768       0x28 ./Startup/startup_stm32f103c8tx.o

.debug_ranges   0x0000000000000000      0x700
 .debug_ranges  0x0000000000000000       0xd0 ./Drivers/STM32F1xx_HAL_Driver/Src/stm32f1xx_hal.o
 .debug_ranges  0x00000000000000d0       0xf0 ./Drivers/STM32F1xx_HAL_Driver/Src/stm32f1xx_hal_cortex.o
 .debug_ranges  0x00000000000001c0       0x70 ./Drivers/STM32F1xx_HAL_Driver/Src/stm32f1xx_hal_dma.o
 .debug_ranges  0x0000000000000230       0x48 ./Drivers/STM32F1xx_HAL_Driver/Src/stm32f1xx_hal_gpio.o
 .debug_ranges  0x0000000000000278       0x80 ./Drivers/STM32F1xx_HAL_Driver/Src/stm32f1xx_hal_rcc.o
 .debug_ranges  0x00000000000002f8      0x228 ./Drivers/STM32F1xx_HAL_Driver/Src/stm32f1xx_hal_uart.o
 .debug_ranges  0x0000000000000520       0x10 ./Src/MIDI.o
 .debug_ranges  0x0000000000000530       0x28 ./Src/MIDI_test.o
 .debug_ranges  0x0000000000000558       0xb0 ./Src/YM3812.o
 .debug_ranges  0x0000000000000608       0x40 ./Src/main.o
 .debug_ranges  0x0000000000000648       0x20 ./Src/stm32f1xx_hal_msp.o
 .debug_ranges  0x0000000000000668       0x60 ./Src/stm32f1xx_it.o
 .debug_ranges  0x00000000000006c8       0x18 ./Src/system_stm32f1xx.o
 .debug_ranges  0x00000000000006e0       0x20 ./Startup/startup_stm32f103c8tx.o

.debug_macro    0x0000000000000000    0x17cf6
 .debug_macro   0x0000000000000000      0x1b2 ./Drivers/STM32F1xx_HAL_Driver/Src/stm32f1xx_hal.o
 .debug_macro   0x00000000000001b2      0xa6c ./Drivers/STM32F1xx_HAL_Driver/Src/stm32f1xx_hal.o
 .debug_macro   0x0000000000000c1e      0x215 ./Drivers/STM32F1xx_HAL_Driver/Src/stm32f1xx_hal.o
 .debug_macro   0x0000000000000e33       0x2e ./Drivers/STM32F1xx_HAL_Driver/Src/stm32f1xx_hal.o
 .debug_macro   0x0000000000000e61       0x22 ./Drivers/STM32F1xx_HAL_Driver/Src/stm32f1xx_hal.o
 .debug_macro   0x0000000000000e83       0x22 ./Drivers/STM32F1xx_HAL_Driver/Src/stm32f1xx_hal.o
 .debug_macro   0x0000000000000ea5       0x8e ./Drivers/STM32F1xx_HAL_Driver/Src/stm32f1xx_hal.o
 .debug_macro   0x0000000000000f33       0x51 ./Drivers/STM32F1xx_HAL_Driver/Src/stm32f1xx_hal.o
 .debug_macro   0x0000000000000f84      0x103 ./Drivers/STM32F1xx_HAL_Driver/Src/stm32f1xx_hal.o
 .debug_macro   0x0000000000001087       0x6a ./Drivers/STM32F1xx_HAL_Driver/Src/stm32f1xx_hal.o
 .debug_macro   0x00000000000010f1      0x1df ./Drivers/STM32F1xx_HAL_Driver/Src/stm32f1xx_hal.o
 .debug_macro   0x00000000000012d0       0x1c ./Drivers/STM32F1xx_HAL_Driver/Src/stm32f1xx_hal.o
 .debug_macro   0x00000000000012ec       0x22 ./Drivers/STM32F1xx_HAL_Driver/Src/stm32f1xx_hal.o
 .debug_macro   0x000000000000130e       0xbd ./Drivers/STM32F1xx_HAL_Driver/Src/stm32f1xx_hal.o
 .debug_macro   0x00000000000013cb      0xd23 ./Drivers/STM32F1xx_HAL_Driver/Src/stm32f1xx_hal.o
 .debug_macro   0x00000000000020ee     0xe09e ./Drivers/STM32F1xx_HAL_Driver/Src/stm32f1xx_hal.o
 .debug_macro   0x000000000001018c       0x6d ./Drivers/STM32F1xx_HAL_Driver/Src/stm32f1xx_hal.o
 .debug_macro   0x00000000000101f9     0x348d ./Drivers/STM32F1xx_HAL_Driver/Src/stm32f1xx_hal.o
 .debug_macro   0x0000000000013686      0x174 ./Drivers/STM32F1xx_HAL_Driver/Src/stm32f1xx_hal.o
 .debug_macro   0x00000000000137fa       0x5c ./Drivers/STM32F1xx_HAL_Driver/Src/stm32f1xx_hal.o
 .debug_macro   0x0000000000013856      0x5bc ./Drivers/STM32F1xx_HAL_Driver/Src/stm32f1xx_hal.o
 .debug_macro   0x0000000000013e12      0x289 ./Drivers/STM32F1xx_HAL_Driver/Src/stm32f1xx_hal.o
 .debug_macro   0x000000000001409b      0x1cb ./Drivers/STM32F1xx_HAL_Driver/Src/stm32f1xx_hal.o
 .debug_macro   0x0000000000014266      0x114 ./Drivers/STM32F1xx_HAL_Driver/Src/stm32f1xx_hal.o
 .debug_macro   0x000000000001437a      0x1b2 ./Drivers/STM32F1xx_HAL_Driver/Src/stm32f1xx_hal.o
 .debug_macro   0x000000000001452c       0x27 ./Drivers/STM32F1xx_HAL_Driver/Src/stm32f1xx_hal.o
 .debug_macro   0x0000000000014553      0x136 ./Drivers/STM32F1xx_HAL_Driver/Src/stm32f1xx_hal.o
 .debug_macro   0x0000000000014689      0x1bc ./Drivers/STM32F1xx_HAL_Driver/Src/stm32f1xx_hal.o
 .debug_macro   0x0000000000014845       0x34 ./Drivers/STM32F1xx_HAL_Driver/Src/stm32f1xx_hal.o
 .debug_macro   0x0000000000014879       0x3c ./Drivers/STM32F1xx_HAL_Driver/Src/stm32f1xx_hal.o
 .debug_macro   0x00000000000148b5       0x57 ./Drivers/STM32F1xx_HAL_Driver/Src/stm32f1xx_hal.o
 .debug_macro   0x000000000001490c       0x87 ./Drivers/STM32F1xx_HAL_Driver/Src/stm32f1xx_hal.o
 .debug_macro   0x0000000000014993      0x240 ./Drivers/STM32F1xx_HAL_Driver/Src/stm32f1xx_hal.o
 .debug_macro   0x0000000000014bd3      0x140 ./Drivers/STM32F1xx_HAL_Driver/Src/stm32f1xx_hal.o
 .debug_macro   0x0000000000014d13      0x28e ./Drivers/STM32F1xx_HAL_Driver/Src/stm32f1xx_hal.o
 .debug_macro   0x0000000000014fa1       0x83 ./Drivers/STM32F1xx_HAL_Driver/Src/stm32f1xx_hal.o
 .debug_macro   0x0000000000015024      0x18e ./Drivers/STM32F1xx_HAL_Driver/Src/stm32f1xx_hal_cortex.o
 .debug_macro   0x00000000000151b2      0x18e ./Drivers/STM32F1xx_HAL_Driver/Src/stm32f1xx_hal_dma.o
 .debug_macro   0x0000000000015340      0x1f9 ./Drivers/STM32F1xx_HAL_Driver/Src/stm32f1xx_hal_gpio.o
 .debug_macro   0x0000000000015539      0x1a0 ./Drivers/STM32F1xx_HAL_Driver/Src/stm32f1xx_hal_rcc.o
 .debug_macro   0x00000000000156d9      0x18f ./Drivers/STM32F1xx_HAL_Driver/Src/stm32f1xx_hal_uart.o
 .debug_macro   0x0000000000015868      0x3b0 ./Src/MIDI.o
 .debug_macro   0x0000000000015c18       0x58 ./Src/MIDI.o
 .debug_macro   0x0000000000015c70       0x4c ./Src/MIDI.o
 .debug_macro   0x0000000000015cbc       0x18 ./Src/MIDI.o
 .debug_macro   0x0000000000015cd4       0x94 ./Src/MIDI.o
 .debug_macro   0x0000000000015d68       0x3c ./Src/MIDI.o
 .debug_macro   0x0000000000015da4       0x34 ./Src/MIDI.o
 .debug_macro   0x0000000000015dd8       0x16 ./Src/MIDI.o
 .debug_macro   0x0000000000015dee       0x57 ./Src/MIDI.o
 .debug_macro   0x0000000000015e45       0x97 ./Src/MIDI.o
 .debug_macro   0x0000000000015edc      0x341 ./Src/MIDI.o
 .debug_macro   0x000000000001621d       0xfd ./Src/MIDI.o
 .debug_macro   0x000000000001631a       0x16 ./Src/MIDI.o
 .debug_macro   0x0000000000016330       0x43 ./Src/MIDI.o
 .debug_macro   0x0000000000016373       0x34 ./Src/MIDI.o
 .debug_macro   0x00000000000163a7       0x10 ./Src/MIDI.o
 .debug_macro   0x00000000000163b7       0x58 ./Src/MIDI.o
 .debug_macro   0x000000000001640f       0x71 ./Src/MIDI.o
 .debug_macro   0x0000000000016480       0x1c ./Src/MIDI.o
 .debug_macro   0x000000000001649c      0x12a ./Src/MIDI.o
 .debug_macro   0x00000000000165c6       0x10 ./Src/MIDI.o
 .debug_macro   0x00000000000165d6       0x1c ./Src/MIDI.o
 .debug_macro   0x00000000000165f2       0x52 ./Src/MIDI.o
 .debug_macro   0x0000000000016644       0x22 ./Src/MIDI.o
 .debug_macro   0x0000000000016666       0x10 ./Src/MIDI.o
 .debug_macro   0x0000000000016676       0x52 ./Src/MIDI.o
 .debug_macro   0x00000000000166c8       0xd5 ./Src/MIDI.o
 .debug_macro   0x000000000001679d       0x1c ./Src/MIDI.o
 .debug_macro   0x00000000000167b9       0x3d ./Src/MIDI.o
 .debug_macro   0x00000000000167f6       0x16 ./Src/MIDI.o
 .debug_macro   0x000000000001680c      0x145 ./Src/MIDI.o
 .debug_macro   0x0000000000016951       0x16 ./Src/MIDI.o
 .debug_macro   0x0000000000016967       0x35 ./Src/MIDI.o
 .debug_macro   0x000000000001699c       0x16 ./Src/MIDI.o
 .debug_macro   0x00000000000169b2       0x29 ./Src/MIDI.o
 .debug_macro   0x00000000000169db      0x19b ./Src/MIDI.o
 .debug_macro   0x0000000000016b76       0x16 ./Src/MIDI.o
 .debug_macro   0x0000000000016b8c       0x20 ./Src/MIDI.o
 .debug_macro   0x0000000000016bac       0x22 ./Src/MIDI.o
 .debug_macro   0x0000000000016bce       0x56 ./Src/MIDI.o
 .debug_macro   0x0000000000016c24       0xc4 ./Src/MIDI.o
 .debug_macro   0x0000000000016ce8       0x10 ./Src/MIDI.o
 .debug_macro   0x0000000000016cf8       0x16 ./Src/MIDI.o
 .debug_macro   0x0000000000016d0e      0x3b0 ./Src/MIDI_test.o
 .debug_macro   0x00000000000170be      0x3b0 ./Src/YM3812.o
 .debug_macro   0x000000000001746e      0x3b6 ./Src/main.o
 .debug_macro   0x0000000000017824      0x19d ./Src/stm32f1xx_hal_msp.o
 .debug_macro   0x00000000000179c1      0x1a7 ./Src/stm32f1xx_it.o
 .debug_macro   0x0000000000017b68      0x18e ./Src/system_stm32f1xx.o

.debug_line     0x0000000000000000     0xa749
 .debug_line    0x0000000000000000      0x8ef ./Drivers/STM32F1xx_HAL_Driver/Src/stm32f1xx_hal.o
 .debug_line    0x00000000000008ef      0xad7 ./Drivers/STM32F1xx_HAL_Driver/Src/stm32f1xx_hal_cortex.o
 .debug_line    0x00000000000013c6      0xd48 ./Drivers/STM32F1xx_HAL_Driver/Src/stm32f1xx_hal_dma.o
 .debug_line    0x000000000000210e      0x988 ./Drivers/STM32F1xx_HAL_Driver/Src/stm32f1xx_hal_gpio.o
 .debug_line    0x0000000000002a96      0xcfb ./Drivers/STM32F1xx_HAL_Driver/Src/stm32f1xx_hal_rcc.o
 .debug_line    0x0000000000003791     0x2820 ./Drivers/STM32F1xx_HAL_Driver/Src/stm32f1xx_hal_uart.o
 .debug_line    0x0000000000005fb1      0x9c7 ./Src/MIDI.o
 .debug_line    0x0000000000006978      0x952 ./Src/MIDI_test.o
 .debug_line    0x00000000000072ca     0x14c7 ./Src/YM3812.o
 .debug_line    0x0000000000008791      0xa7a ./Src/main.o
 .debug_line    0x000000000000920b      0x6cf ./Src/stm32f1xx_hal_msp.o
 .debug_line    0x00000000000098da      0x731 ./Src/stm32f1xx_it.o
 .debug_line    0x000000000000a00b      0x6bd ./Src/system_stm32f1xx.o
 .debug_line    0x000000000000a6c8       0x81 ./Startup/startup_stm32f103c8tx.o

.debug_str      0x0000000000000000    0x82ffa
 .debug_str     0x0000000000000000    0x7caa5 ./Drivers/STM32F1xx_HAL_Driver/Src/stm32f1xx_hal.o
                                      0x7cf23 (size before relaxing)
 .debug_str     0x000000000007caa5      0x2cf ./Drivers/STM32F1xx_HAL_Driver/Src/stm32f1xx_hal_cortex.o
                                      0x7ce6f (size before relaxing)
 .debug_str     0x000000000007cd74      0x3e1 ./Drivers/STM32F1xx_HAL_Driver/Src/stm32f1xx_hal_dma.o
                                      0x7cb99 (size before relaxing)
 .debug_str     0x000000000007d155      0x3a4 ./Drivers/STM32F1xx_HAL_Driver/Src/stm32f1xx_hal_gpio.o
                                      0x7cb76 (size before relaxing)
 .debug_str     0x000000000007d4f9      0x37b ./Drivers/STM32F1xx_HAL_Driver/Src/stm32f1xx_hal_rcc.o
                                      0x7cc1f (size before relaxing)
 .debug_str     0x000000000007d874      0x834 ./Drivers/STM32F1xx_HAL_Driver/Src/stm32f1xx_hal_uart.o
                                      0x7d290 (size before relaxing)
 .debug_str     0x000000000007e0a8     0x4b7f ./Src/MIDI.o
                                      0x812e9 (size before relaxing)
 .debug_str     0x0000000000082c27       0x1d ./Src/MIDI_test.o
                                      0x812cf (size before relaxing)
 .debug_str     0x0000000000082c44      0x157 ./Src/YM3812.o
                                      0x8142d (size before relaxing)
 .debug_str     0x0000000000082d9b       0xea ./Src/main.o
                                      0x81cdb (size before relaxing)
 .debug_str     0x0000000000082e85       0x1b ./Src/stm32f1xx_hal_msp.o
                                      0x7d203 (size before relaxing)
 .debug_str     0x0000000000082ea0       0xdc ./Src/stm32f1xx_it.o
                                      0x7cefa (size before relaxing)
 .debug_str     0x0000000000082f7c       0x4d ./Src/system_stm32f1xx.o
                                      0x7c7eb (size before relaxing)
 .debug_str     0x0000000000082fc9       0x31 ./Startup/startup_stm32f103c8tx.o
                                         0x6c (size before relaxing)

.comment        0x0000000000000000       0x50
 .comment       0x0000000000000000       0x50 ./Drivers/STM32F1xx_HAL_Driver/Src/stm32f1xx_hal.o
                                         0x51 (size before relaxing)
 .comment       0x0000000000000050       0x51 ./Drivers/STM32F1xx_HAL_Driver/Src/stm32f1xx_hal_cortex.o
 .comment       0x0000000000000050       0x51 ./Drivers/STM32F1xx_HAL_Driver/Src/stm32f1xx_hal_dma.o
 .comment       0x0000000000000050       0x51 ./Drivers/STM32F1xx_HAL_Driver/Src/stm32f1xx_hal_gpio.o
 .comment       0x0000000000000050       0x51 ./Drivers/STM32F1xx_HAL_Driver/Src/stm32f1xx_hal_rcc.o
 .comment       0x0000000000000050       0x51 ./Drivers/STM32F1xx_HAL_Driver/Src/stm32f1xx_hal_uart.o
 .comment       0x0000000000000050       0x51 ./Src/MIDI.o
 .comment       0x0000000000000050       0x51 ./Src/MIDI_test.o
 .comment       0x0000000000000050       0x51 ./Src/YM3812.o
 .comment       0x0000000000000050       0x51 ./Src/main.o
 .comment       0x0000000000000050       0x51 ./Src/stm32f1xx_hal_msp.o
 .comment       0x0000000000000050       0x51 ./Src/stm32f1xx_it.o
 .comment       0x0000000000000050       0x51 ./Src/system_stm32f1xx.o

.debug_frame    0x0000000000000000     0x1d14
 .debug_frame   0x0000000000000000      0x334 ./Drivers/STM32F1xx_HAL_Driver/Src/stm32f1xx_hal.o
 .debug_frame   0x0000000000000334      0x428 ./Drivers/STM32F1xx_HAL_Driver/Src/stm32f1xx_hal_cortex.o
 .debug_frame   0x000000000000075c      0x208 ./Drivers/STM32F1xx_HAL_Driver/Src/stm32f1xx_hal_dma.o
 .debug_frame   0x0000000000000964      0x14c ./Drivers/STM32F1xx_HAL_Driver/Src/stm32f1xx_hal_gpio.o
 .debug_frame   0x0000000000000ab0      0x218 ./Drivers/STM32F1xx_HAL_Driver/Src/stm32f1xx_hal_rcc.o
 .debug_frame   0x0000000000000cc8      0x944 ./Drivers/STM32F1xx_HAL_Driver/Src/stm32f1xx_hal_uart.o
 .debug_frame   0x000000000000160c       0x38 ./Src/MIDI.o
 .debug_frame   0x0000000000001644       0x34 ./Src/MIDI_test.o
 .debug_frame   0x0000000000001678      0x348 ./Src/YM3812.o
 .debug_frame   0x00000000000019c0       0xf4 ./Src/main.o
 .debug_frame   0x0000000000001ab4       0x80 ./Src/stm32f1xx_hal_msp.o
 .debug_frame   0x0000000000001b34      0x13c ./Src/stm32f1xx_it.o
 .debug_frame   0x0000000000001c70       0x58 ./Src/system_stm32f1xx.o
 .debug_frame   0x0000000000001cc8       0x2c c:/st/stm32cubeide_1.12.1/stm32cubeide/plugins/com.st.stm32cube.ide.mcu.externaltools.gnu-tools-for-stm32.10.3-2021.10.win32_1.0.200.202301161003/tools/bin/../lib/gcc/arm-none-eabi/10.3.1/../../../../arm-none-eabi/lib/thumb/v7-m/nofp\libc_nano.a(lib_a-init.o)
 .debug_frame   0x0000000000001cf4       0x20 c:/st/stm32cubeide_1.12.1/stm32cubeide/plugins/com.st.stm32cube.ide.mcu.externaltools.gnu-tools-for-stm32.10.3-2021.10.win32_1.0.200.202301161003/tools/bin/../lib/gcc/arm-none-eabi/10.3.1/../../../../arm-none-eabi/lib/thumb/v7-m/nofp\libc_nano.a(lib_a-memset.o)
