../Src/YM3812.c:44:9:YM_WRITE_Databus	24	static
../Src/YM3812.c:133:9:YM_WriteBits	24	static
../Src/YM3812.c:198:9:YM_NOTE_ON	24	static
../Src/YM3812.c:233:9:YM_NOTE_OFF	24	static
../Src/YM3812.c:281:9:YM_PITCH	32	static
../Src/YM3812.c:350:6:YM_RESET	8	static
../Src/YM3812.c:363:6:YM_SET_Def	64	static
../Src/YM3812.c:451:6:YM_AM	24	static
../Src/YM3812.c:530:6:YM_VIB	24	static
../Src/YM3812.c:609:6:YM_EG	16	static
../Src/YM3812.c:626:6:YM_KSR	16	static
../Src/YM3812.c:643:6:YM_MFM	16	static
../Src/YM3812.c:660:6:YM_LKS	16	static
../Src/YM3812.c:677:6:YM_VOL	16	static
../Src/YM3812.c:694:6:YM_ATTACK	16	static
../Src/YM3812.c:711:6:YM_DECAY	16	static
../Src/YM3812.c:728:6:YM_SUSTAIN	16	static
../Src/YM3812.c:745:6:YM_RELEASE	16	static
../Src/YM3812.c:762:6:YM_WAV	16	static
../Src/YM3812.c:779:6:YM_FEEDBACK	16	static
../Src/YM3812.c:796:6:YM_DECAYALG	16	static
